Page 1           Source Listing                  CHEBY
2023-01-27 11:38                                 /tmp/ifort8SzZjt.i

      1 # 1 "./program/cheby.f"
      2 !
      3       SUBROUTINE CHEBY (M, ND, X, NP, Y)
      4 !     Last change: 20 Jan 1990
      5 !     Purpose    : to find the values Y(1),...Y(NP)
      6 !                  of the NDthe derivative of the Cheby poly
      7 !                  of degree M at the points
      8 !                  X(1),...X(NP)
      9       INTEGER ONE,M,NP,IA,MM,J,ND,NJ 
     10       DOUBLE PRECISION A(500),AX(500),X(NP),Y(NP)
     11       IA = 500
     12       MM = M + 1
     13       ONE = 1
     14       IF (MM .GT. IA) GO TO 70
     15       IF (M .EQ. 0) GO TO 50
     16       DO 10 J = 1, M
     17         A(J) = 0D0
     18    10 CONTINUE 
     19       A(MM) = 1D0
     20       IF (ND .EQ. 0) GO TO 40
     21       DO 30 NJ = 1, ND
     22         CALL DERIV2(A, AX, MM)
     23         DO 20 J = 1, MM
     24           A(J) = AX(J)
     25    20   CONTINUE 
     26    30 CONTINUE 
     27    40 CALL EVAL2(A, MM, X, NP, Y)
     28       RETURN 
     29    50 DO 60 J = 1, NP
     30         IF (ND .EQ. 0) Y(J) = 1D0
     31         IF (ND .GT. 0) Y(J) = 0D0
     32    60 CONTINUE 
     33       RETURN 
     34    70 WRITE (6,80)
     35    80 FORMAT (' Sub CHEBY, M too big')
     36       RETURN 
     37       END 

Page 2           Source Listing                  CHEBY
2023-01-27 11:38 Entry Points                    ./program/cheby.f



ENTRY POINTS

  Name              
                    
 cheby_             


SYMBOL CROSS REFERENCE

 Name                       Object Declared Type            Bytes Dimen Elements Attributes       References                        
                                                                                                                                    
 10                         Label  18                                                             16                                
 20                         Label  25                                                             23                                
 30                         Label  26                                                             21                                
 40                         Label  27                                                             20                                
 50                         Label  29                                                             15                                
 60                         Label  32                                                             29                                
 70                         Label  34                                                             14                                
 80                         Label  35                                                             34                                
 A                          Local  10       R(8)            8     1     500                       17,19,22,24,27                    
 AX                         Local  10       R(8)            8     1     500                       22,24                             
 CHEBY                      Subr   3                                                                                                
 DERIV2                     Subr   22                                                             22                                
 EVAL2                      Subr   27                                                             27                                
 IA                         Local  9        I(4)            4           scalar                    11,14                             
 J                          Local  9        I(4)            4           scalar                    16,17,23,24,29,30,31              
 M                          Dummy  3        I(4)            4           scalar   ARG,INOUT        12,15,16                          
 MM                         Local  9        I(4)            4           scalar                    12,14,19,22,23,27                 
 ND                         Dummy  3        I(4)            4           scalar   ARG,INOUT        20,21,30,31                       
 NJ                         Local  9        I(4)            4           scalar                    21                                
 NP                         Dummy  3        I(4)            4           scalar   ARG,INOUT        10,27,29                          
 ONE                        Local  9        I(4)            4           scalar                    13                                
 X                          Dummy  3        R(8)            8     1     0        ARG,INOUT        27                                
 Y                          Dummy  3        R(8)            8     1     0        ARG,INOUT        27,30,31                          

Page 3           Source Listing                  CHEBY
2023-01-27 11:38                                 ./program/cheby.f

     38 !
     39       SUBROUTINE EVAL2 (A, M, X, NX, Y)
     40 !     Last change: 20 Jan 1990
     41 !     Purpose    : to compute the value of the Cheby series
     42 !                  A(1),...A(M) of length M, where A(1)....A(M)
     43 !                  are respectively the coeffs of T(0)...T(M-1),
     44 !                  at the points X(j) j=1,...NX.
     45 !                  The output is Y(j) j=1,...NX, which is the
     46 !                  value of the series at these NX points.
     47       DOUBLE PRECISION A(M),X(NX),Y(NX),B(0:502),XA,XB,XX
     48       INTEGER M,NX,IA,M1,M2,J,I
     49       IA = 502
     50       M1 = M + 1
     51       M2 = M + 2
     52       IF (M2 .GT. IA) GO TO 30
     53       DO 20 I = 1, NX
     54         XX = X(I)
     55         XA = 2D0 * XX - 1D0
     56         XB = 2D0 * XA
     57         B(M2) = 0D0
     58         B(M1) = 0D0
     59         DO 10 J = M - 1, 0, -1
     60           B(J + 1) = XB * B(J + 2) - B(J + 3) + A(J + 1)
     61    10   CONTINUE 
     62         Y(I) = B(1) - XA * B(2)
     63    20 CONTINUE 
     64       RETURN 
     65    30 WRITE (6,40)
     66    40 FORMAT (' M too big in Sub EVAL2')
     67       RETURN 
     68       END 

Page 4           Source Listing                  EVAL2
2023-01-27 11:38 Entry Points                    ./program/cheby.f



ENTRY POINTS

  Name              
                    
 eval2_             


SYMBOL CROSS REFERENCE

 Name                       Object Declared Type            Bytes Dimen Elements Attributes       References                        
                                                                                                                                    
 10                         Label  61                                                             59                                
 20                         Label  63                                                             53                                
 30                         Label  65                                                             52                                
 40                         Label  66                                                             65                                
 A                          Dummy  39       R(8)            8     1     0        ARG,INOUT        60                                
 B                          Local  47       R(8)            8     1     503                       57,58,60,62                       
 EVAL2                      Subr   39                                                                                               
 I                          Local  48       I(4)            4           scalar                    53,54,62                          
 IA                         Local  48       I(4)            4           scalar                    49,52                             
 J                          Local  48       I(4)            4           scalar                    59,60                             
 M                          Dummy  39       I(4)            4           scalar   ARG,INOUT        47,50,51,59                       
 M1                         Local  48       I(4)            4           scalar                    50,58                             
 M2                         Local  48       I(4)            4           scalar                    51,52,57                          
 NX                         Dummy  39       I(4)            4           scalar   ARG,INOUT        47,53                             
 X                          Dummy  39       R(8)            8     1     0        ARG,INOUT        54                                
 XA                         Local  47       R(8)            8           scalar                    55,56,62                          
 XB                         Local  47       R(8)            8           scalar                    56,60                             
 XX                         Local  47       R(8)            8           scalar                    54,55                             
 Y                          Dummy  39       R(8)            8     1     0        ARG,INOUT        62                                

Page 5           Source Listing                  EVAL2
2023-01-27 11:38                                 ./program/cheby.f

     69 !
     70       SUBROUTINE DERIV2 (A, AX, M)
     71 !     Last change: 20 Jan 1990
     72 !     Purpose    :   given the Cheby series A(1),...A(M)
     73 !                    which represents the function
     74 !                    f=Sum(j=1..M) A(j)*T(j-1)
     75 !                    the subroutines computes the coeffs
     76 !                    AX(1).......AX(M) of the function df/dx
     77 !                    Note that AX(M)=0
     78 !
     79       DOUBLE PRECISION A(M),AX(M)
     80       INTEGER          M,J
     81       AX(M) = 0D0
     82       IF (M .LE. 0) GO TO 70
     83       IF (M .GT. 4) GO TO 50
     84       IF (M .EQ. 1) GO TO 10
     85       IF (M .EQ. 2) GO TO 20
     86       IF (M .EQ. 3) GO TO 30
     87       IF (M .EQ. 4) GO TO 40
     88    10 AX(1) = 0D0
     89       RETURN 
     90    20 AX(1) = 2D0 * A(2)
     91       RETURN 
     92    30 AX(1) = 2D0 * A(2)
     93       AX(2) = 8D0 * A(3)
     94       RETURN 
     95    40 AX(1) = 2D0 * A(2) + 6D0 * A(4)
     96       AX(2) = 8D0 * A(3)
     97       AX(3) = 12D0 * A(4)
     98       RETURN 
     99    50 AX(M - 1) = - 4D0 * (1D0 - M) * A(M)
    100       AX(M - 2) = - 4D0 * (2D0 - M) * A(M - 1)
    101       DO 60 J = M - 3, 2, -1
    102         AX(J) = 4D0 * J * A(J + 1) + AX(J + 2)
    103    60 CONTINUE 
    104       AX(1) = 2D0 * A(2) + AX(3) / 2D0
    105       RETURN 
    106    70 WRITE (6,80)
    107    80 FORMAT (' M .LE. 0 in Sub DERIV2')
    108       RETURN 
    109       END 

Page 6           Source Listing                  DERIV2
2023-01-27 11:38 Entry Points                    ./program/cheby.f



ENTRY POINTS

  Name               
                     
 deriv2_             


SYMBOL CROSS REFERENCE

 Name                       Object Declared Type            Bytes Dimen Elements Attributes       References                        
                                                                                                                                    
 10                         Label  88                                                             84                                
 20                         Label  90                                                             85                                
 30                         Label  92                                                             86                                
 40                         Label  95                                                             87                                
 50                         Label  99                                                             83                                
 60                         Label  103                                                            101                               
 70                         Label  106                                                            82                                
 80                         Label  107                                                            106                               
 A                          Dummy  70       R(8)            8     1     0        ARG,INOUT        90,92,93,95,96,97,99,100,102,104  
 AX                         Dummy  70       R(8)            8     1     0        ARG,INOUT        81,88,90,92,93,95,96,97,99,100,102
                                                                                                  ,104                              
 DERIV2                     Subr   70                                                                                               
 J                          Local  80       I(4)            4           scalar                    101,102                           
 M                          Dummy  70       I(4)            4           scalar   ARG,INOUT        79,81,82,83,84,85,86,87,99,100,101

Page 7           Source Listing                  DERIV2
2023-01-27 11:38                                 ./program/cheby.f

    110 !
    111       SUBROUTINE CMESH (N, X, NKIND)
    112 !     Last changed: 20 Jan 1990
    113 !     Purpose :     Chebyshev mesh:
    114 !                   it finds N points X(j) j=1,...N which are the
    115 !                   zeroes of the Cheby polynomial of first kind Tn
    116 !                   or of the Cheby polynomial of second kind Un,
    117 !                   over the interval 0 < x < 1
    118       DOUBLE PRECISION X(N),PI,y
    119       INTEGER N,IV,I,NKIND
    120       PI = 4D0 * DATAN (1D0)
    121       IF (NKIND .EQ. 1) GO TO 10
    122       IF (NKIND .EQ. 2) GO TO 30
    123 !     Zeroes of the Chebyshev polynomials of the first kind
    124    10 DO 20 I = 1, N
    125         IV = N + 1 - I
    126         X(I) = 0.5D0 * (1D0+DCOS((2*IV - 1)*PI/(2D0*N)))
    127    20 CONTINUE 
    128       RETURN 
    129 !     Zeroes of the Chebyshev polynomials of the second kind
    130    30 DO 40 I = 1, N
    131         Y = DCOS(PI*I/(N + 1))
    132         X(I) = 0.5D0 * (Y + 1D0)
    133    40 CONTINUE 
    134       RETURN 
    135       END 


ENTRY POINTS

  Name              
                    
 cmesh_             

Page 8           Source Listing                  CMESH
2023-01-27 11:38 Symbol Table                    ./program/cheby.f



SYMBOL CROSS REFERENCE

 Name                       Object Declared Type            Bytes Dimen Elements Attributes       References                        
                                                                                                                                    
 10                         Label  124                                                            121                               
 20                         Label  127                                                            124                               
 30                         Label  130                                                            122                               
 40                         Label  133                                                            130                               
 CMESH                      Subr   111                                                                                              
 DATAN                      Func   120                                  scalar                    120                               
 DCOS                       Func   126                                  scalar                    126,131                           
 I                          Local  119      I(4)            4           scalar                    124,125,126,130,131,132           
 IV                         Local  119      I(4)            4           scalar                    125,126                           
 N                          Dummy  111      I(4)            4           scalar   ARG,INOUT        118,124,125,126,130,131           
 NKIND                      Dummy  111      I(4)            4           scalar   ARG,INOUT        121,122                           
 PI                         Local  118      R(8)            8           scalar                    120,126,131                       
 X                          Dummy  111      R(8)            8     1     0        ARG,INOUT        126,132                           
 Y                          Local  118      R(8)            8           scalar                    131,132                           

Page 9           Source Listing                  CMESH
2023-01-27 11:38 Subprograms/Common Blocks       ./program/cheby.f



SUBPROGRAMS/COMMON BLOCKS

 Name                       Object Declared Type            Bytes Dimen Elements Attributes       References                        
                                                                                                                                    
 CHEBY                      Subr   3                                                                                                
 CMESH                      Subr   111                                                                                              
 DERIV2                     Subr   70                                                                                               
 EVAL2                      Subr   39                                                                                               

COMPILER OPTIONS BEING USED

       -align noall                          -align nonone
       -align nocommons                      -align nodcommons
       -align noqcommons                     -align nozcommons
       -align records                        -align nosequence
       -align norec1byte                     -align norec2byte
       -align norec4byte                     -align norec8byte
       -align norec16byte                    -align norec32byte
       -align norec64byte                    -align noarray8byte
       -align noarray16byte                  -align noarray32byte
       -align noarray64byte                  -align noarray128byte
       -align noarray256byte                 -altparam
       -assume accuracy_sensitive            -assume nobscc
       -assume nobuffered_io                 -assume nobuffered_stdout
       -assume nobyterecl                    -assume nocontiguous_assumed_shape
       -assume nocontiguous_pointer          -assume nocc_omp
       -assume nocstring                     -assume nodummy_aliases
       -assume nofailed_images               -assume nofpe_summary
       -assume noieee_compares               -assume noieee_fpe_flags
       -assume nominus0                      -assume noold_boz
       -assume old_complex_align             -assume old_unit_star
       -assume old_inquire_recl              -assume old_ldout_format
       -assume old_ldout_zero                -assume noold_logical_assign
       -assume noold_logical_ldio            -assume old_maxminloc
       -assume old_xor                       -assume noprotect_allocates
       -assume protect_constants             -assume noprotect_parens
       -assume realloc_lhs                   -assume norecursion
       -assume split_common                  -assume source_include
       -assume nostd_intent_in               -assume std_minus0_rounding
       -assume nostd_mod_proc_name           -assume std_value
       -assume underscore                    -assume no2underscores
  no   -auto                                 -auto_scalar
  no   -bintext                              -ccdefault default
       -check arg_temp_created               -check assume
       -check bounds                         -check contiguous
       -check format                         -check output_conversion
       -check overflow                       -check pointers
       -check shape                          -check stack
       -check teams                          -check uninitialized
       -check udio_iostat                    -coarray-num-procs 0
  no   -coarray-config-file                  -convert native
       -cross_reference                      -D __INTEL_COMPILER=2021
       -D __INTEL_COMPILER_UPDATE=4          -D __unix__
       -D __unix                             -D __linux__
       -D __linux                            -D __gnu_linux__

Page 10          Source Listing                  CMESH
2023-01-27 11:38                                 ./program/cheby.f

       -D unix                               -D linux
       -D __ELF__                            -D __x86_64
       -D __x86_64__                         -D __amd64
       -D __amd64__                          -D __INTEL_COMPILER_BUILD_DATE=20210910
       -D __PIC__                            -D __pic__
       -D __INTEL_OFFLOAD                    -D __MMX__
       -D __SSE__                            -D __SSE_MATH__
       -D __SSE2__                           -D __SSE2_MATH__
       -D __pentium4                         -D __pentium4__
       -D __tune_pentium4__                  -double_size 64
  no   -d_lines                         no   -Qdyncom
       -error_limit 30                  no   -f66
  no   -f77rtl                          no   -fast
       -fpscomp nofilesfromcmd               -fpscomp nogeneral
       -fpscomp noioformat                   -fpscomp noldio_spacing
       -fpscomp nologicals                   -fixed
  no   -fpconstant                           -fpe0
       -fprm nearest                    no   -ftz
       -fp_model noprecise                   -fp_model fast
       -fp_model nostrict                    -fp_model nosource
       -fp_model nodouble                    -fp_model noextended
       -fp_model novery_fast                 -fp_model noexcept
       -fp_model nono_except                 -fp_modbits nofp_contract
       -fp_modbits nono_fp_contract          -fp_modbits nofenv_access
       -fp_modbits nono_fenv_access          -fp_modbits nocx_limited_range
       -fp_modbits nono_cx_limited_range       -fp_modbits noprec_div
       -fp_modbits nono_prec_div             -fp_modbits noprec_sqrt
       -fp_modbits nono_prec_sqrt            -fp_modbits noftz
       -fp_modbits nono_ftz                  -fp_modbits nointrin_limited_range
       -fp_modbits nono_intrin_limited_range       -fp_modbits notrunc_compares
       -fp_modbits nono_trunc_compares       -fp_modbits noieee_nan_compares
       -fp_modbits nono_ieee_nan_compares       -fp_modbits honor_f32_conversion
       -fp_modbits nono_honor_f32_conversion       -fp_modbits honor_f64_conversion
       -fp_modbits nono_honor_f64_conversion       -fp_modbits nono_x87_copy
       -fp_modbits nono_no_x87_copy          -fp_modbits noexception_semantics
       -fp_modbits nono_exception_semantics       -fp_modbits noprecise_libm_functions
       -fp_modbits nono_precise_libm_functions       -heap_arrays 0
  no   -threadprivate_compat                 -g2
       -iface nomixed_str_len_arg            -iface nono_mixed_str_len_arg
       -init noarrays                        -init nohuge
       -init noinfinity                      -init nominus_huge
       -init nominus_infinity                -init nominus_tiny
       -init nonan                           -init nosnan
       -init notiny                          -init nozero
  no   -intconstant                          -integer_size 32
  no   -mixed_str_len_arg               no   -module
       -names lowercase                 no   -noinclude
  no   -o                                    -offload-build=host
       -O0                              no   -pad_source
       -real_size 32                    no   -recursive
       -reentrancy threaded                  -vec=simd
       -show nofullpath                      -show noinclude
       -show map                             -show options
  no   -syntax_only                     no   -threadcom
  no   -U                               no   -vms
       -w noall                              -w nonone
       -w alignments                         -w nodeclarations

Page 11          Source Listing                  CMESH
2023-01-27 11:38                                 ./program/cheby.f

       -w noexternals                        -w general
       -w noignore_bounds                    -w noignore_loc
       -w nointerfaces                       -w noshape
       -w notruncated_source                 -w uncalled
       -w uninitialized                      -w unused
       -w usage                         no   -wrap-margins

       -includepath : /home/intel/oneapi/mpi/2021.4.0//include/,/home/intel/oneapi/dpl/2021.5.0/linux/include/,/home/intel/oneapi/compiler/2021.4.0/linux/include/,
           /usr/local/include/,.f90,./program/.f90,./.f90,/home/intel/oneapi/vpl/2021.6.0/include/.f90,/home/intel/oneapi/tbb/2021.4.0/env/../include/.f90,
           /home/intel/oneapi/mpi/2021.4.0//include/.f90,/home/intel/oneapi/mkl/2021.4.0/include/.f90,/home/intel/oneapi/ipp/2021.4.0/include/.f90,
           /home/intel/oneapi/ippcp/2021.4.0/include/.f90,/home/intel/oneapi/ipp/2021.4.0/include/.f90,/home/intel/oneapi/dpl/2021.5.0/linux/include/.f90,
           /home/intel/oneapi/dpcpp-ct/2021.4.0/include/.f90,/home/intel/oneapi/dnnl/2021.4.0/cpu_dpcpp_gpu_dpcpp/lib/.f90,
           /home/intel/oneapi/dev-utilities/2021.4.0/include/.f90,/home/intel/oneapi/dal/2021.4.0/include/.f90,/home/intel/oneapi/compiler/2021.4.0/linux/include/.f90,
           /home/intel/oneapi/ccl/2021.4.0/include/cpu_gpu_dpcpp/.f90,/home/intel/oneapi/compiler/2021.4.0/linux/bin/intel64/../../compiler/include/intel64/.f90,
           /home/intel/oneapi/compiler/2021.4.0/linux/bin/intel64/../../compiler/include/icc/.f90,/home/intel/oneapi/compiler/2021.4.0/linux/bin/intel64/../../compiler/include/.f90,
           /usr/local/include/.f90,/usr/lib/gcc/x86_64-linux-gnu/9/include/.f90,/usr/include/.f90,/usr/include/.f90,
           /usr/include/x86_64-linux-gnu/.f90,/usr/include/.f90
       -list filename : cheby.lst
  no   -o

COMPILER: Intel(R) Fortran 2021.4.0-2742
